[antigravity-sessions f97f765b] 🌙 MUTSU autonomous afternoon session - 2026-01-30 16:04
 Committer: Marco Luigi <marcoluigi@iMac-Nuccio.station>
Il tuo nome e l'indirizzo e-mail sono stati configurati automaticamente usando
il tuo nome utente ed il nome host. Per favore, verifica che siano esatti.
È possibile eliminare questo messaggio impostandoli esplicitamente:

    git config --global user.name "Il tuo nome"
    git config --global user.email tu@esempio.com

Dopo questa operazione, puoi ripristinare l'identità usata in questo commit con:

    git commit --amend --reset-author

 26 files changed, 3510 insertions(+), 888 deletions(-)
 create mode 100644 the-draft/filing-cabinet/stderr.log
 create mode 100644 the-draft/filing-cabinet/stdout.log
 create mode 100644 the-draft/memory-wall/context-archive-era1.md
 create mode 100644 the-island/BILLBOARD.md
 create mode 100644 the-island/ISLAND-GUIDE.md
 create mode 100644 the-island/ISLAND-MAP.md
 create mode 100644 the-island/TOOLBELT.md
 rename {the-draft => the-island}/UPDATE-NOTICE.md (100%)
 create mode 100644 the-island/clockwork/README.md
 create mode 100755 the-island/clockwork/daily-flavor.sh
 create mode 100755 the-island/clockwork/island-discovery.sh
 create mode 100755 the-island/clockwork/mutsu-login-greeting.sh
 create mode 100644 the-island/clockwork/shadow-clone-message.txt
 create mode 100755 the-island/clockwork/streak-celebration.sh
 create mode 100755 the-island/clockwork/summon_mutsu.sh
 create mode 100755 the-island/clockwork/wake_mutsu.sh
 create mode 100755 the-island/clockwork/wake_mutsu_pokemon.sh
 rename {the-draft => the-island}/furniture-catalog.json (100%)
 create mode 100644 the-island/island-state.json
 create mode 100644 the-island/projects/BOARD.md
 create mode 100644 the-island/projects/README.md
 create mode 100644 the-island/town/plot-config.json
